// Jest Snapshot v1, https://goo.gl/fbAQLP

exports[`Form submit button component should render correctly 1`] = `
<BrowserRouter>
  <Route
    component={[Function]}
    exact={true}
    path="/"
  />
  <Route
    component={[Function]}
    path="/login"
  />
  <Route
    component={[Function]}
    path="/register"
  />
  <Connect(ProtectedRoute)
    component={[Function]}
    path="/home"
  />
  <Footer />
</BrowserRouter>
`;
