// Jest Snapshot v1, https://goo.gl/fbAQLP

exports[`Form submit footer component should render correctly 1`] = `
<footer
  className="app-grid orange-bg"
>
  <div
    className="layout-grid"
  >
    <p>
      Â© 2018. Hand crafted by Celestine Ekoh-Ordan
    </p>
  </div>
</footer>
`;
